N=4096
RESULT micro_empty 170 cycles 4096 elems
RESULT micro_empty_warm 122 cycles 4096 elems
RESULT micro_load 2646 cycles 4096 elems
RESULT micro_load_warm 2141 cycles 4096 elems
RESULT micro_store 3541 cycles 4096 elems
RESULT micro_store_warm 3579 cycles 4096 elems
RESULT micro_copy 5644 cycles 4096 elems
RESULT micro_copy_warm 5641 cycles 4096 elems
RESULT micro_load2 4185 cycles 4096 elems
RESULT micro_load2_warm 4176 cycles 4096 elems
RESULT micro_ldst 5650 cycles 4096 elems
RESULT micro_ldst_warm 5635 cycles 4096 elems
RESULT micro_stld 5648 cycles 4096 elems
RESULT micro_stld_warm 5644 cycles 4096 elems
RESULT micro_inplace 5278 cycles 4096 elems
RESULT micro_inplace_warm 5632 cycles 4096 elems
RESULT micro_alu 1056 cycles 4096 elems
RESULT micro_alu_warm 1052 cycles 4096 elems
RESULT micro_fma_dep 1078 cycles 4096 elems
RESULT micro_fma_dep_warm 1077 cycles 4096 elems
RESULT micro_fsqrt_s 2677 cycles 4096 elems
RESULT micro_fsqrt_s_warm 2639 cycles 4096 elems
RESULT micro_fdiv_s 1613 cycles 4096 elems
RESULT micro_fdiv_s_warm 1612 cycles 4096 elems
RESULT micro_fdiv_d 1625 cycles 4096 elems
RESULT micro_fdiv_d_warm 1610 cycles 4096 elems
RESULT micro_lstride 4201 cycles 4096 elems
RESULT micro_lstride_warm 4172 cycles 4096 elems
RESULT micro_sstride 7245 cycles 4096 elems
RESULT micro_sstride_warm 7227 cycles 4096 elems
DONE
- /home/tesla/hwacha-compiler/chipyard/sims/verilator/generated-src/chipyard.harness.TestHarness.HwachaL8RocketConfig/gen-collateral/TestDriver.v:158: Verilog $finish
