N=4096
RESULT micro_empty 208 cycles 4096 elems
RESULT micro_empty_warm 166 cycles 4096 elems
RESULT micro_load 1801 cycles 4096 elems
RESULT micro_load_warm 1109 cycles 4096 elems
RESULT micro_store 1880 cycles 4096 elems
RESULT micro_store_warm 1113 cycles 4096 elems
RESULT micro_copy 2149 cycles 4096 elems
RESULT micro_copy_warm 2141 cycles 4096 elems
RESULT micro_load2 2145 cycles 4096 elems
RESULT micro_load2_warm 2142 cycles 4096 elems
RESULT micro_ldst 2159 cycles 4096 elems
RESULT micro_ldst_warm 2141 cycles 4096 elems
RESULT micro_stld 2149 cycles 4096 elems
RESULT micro_stld_warm 2148 cycles 4096 elems
RESULT micro_inplace 2364 cycles 4096 elems
RESULT micro_inplace_warm 2113 cycles 4096 elems
RESULT micro_alu 2087 cycles 4096 elems
RESULT micro_alu_warm 2077 cycles 4096 elems
RESULT micro_fma_dep 2104 cycles 4096 elems
RESULT micro_fma_dep_warm 2106 cycles 4096 elems
RESULT micro_fsqrt_s 5238 cycles 4096 elems
RESULT micro_fsqrt_s_warm 5200 cycles 4096 elems
RESULT micro_fdiv_s 3124 cycles 4096 elems
RESULT micro_fdiv_s_warm 3147 cycles 4096 elems
RESULT micro_fdiv_d 3160 cycles 4096 elems
RESULT micro_fdiv_d_warm 3146 cycles 4096 elems
RESULT micro_lstride 2146 cycles 4096 elems
RESULT micro_lstride_warm 2111 cycles 4096 elems
RESULT micro_sstride 2143 cycles 4096 elems
RESULT micro_sstride_warm 2116 cycles 4096 elems
RESULT micro_st2 2472 cycles 4096 elems
RESULT micro_st2_warm 2224 cycles 4096 elems
RESULT micro_ld4st1 11580 cycles 4096 elems
RESULT micro_ld4st1_warm 5426 cycles 4096 elems
RESULT micro_pcmp 557 cycles 4096 elems
RESULT micro_pcmp_warm 530 cycles 4096 elems
RESULT micro_pcmp_use 561 cycles 4096 elems
RESULT micro_pcmp_use_warm 560 cycles 4096 elems
RESULT micro_pcmp_2use 793 cycles 4096 elems
RESULT micro_pcmp_2use_warm 790 cycles 4096 elems
RESULT micro_vpop 684 cycles 4096 elems
RESULT micro_vpop_warm 681 cycles 4096 elems
RESULT micro_vpop_indep 684 cycles 4096 elems
RESULT micro_vpop_indep_warm 657 cycles 4096 elems
RESULT micro_pmix 644 cycles 4096 elems
RESULT micro_pmix_warm 642 cycles 4096 elems
RESULT micro_fma2_indep 560 cycles 4096 elems
RESULT micro_fma2_indep_warm 531 cycles 4096 elems
RESULT micro_fma2_waw 533 cycles 4096 elems
RESULT micro_fma2_waw_warm 556 cycles 4096 elems
RESULT micro_pcmp_2diff 821 cycles 4096 elems
RESULT micro_pcmp_2diff_warm 794 cycles 4096 elems
RESULT micro_pfma2_same 558 cycles 4096 elems
RESULT micro_pfma2_same_warm 557 cycles 4096 elems
RESULT micro_pcmp_int 620 cycles 4096 elems
RESULT micro_pcmp_int_warm 544 cycles 4096 elems
RESULT micro_pcmp_int2 570 cycles 4096 elems
RESULT micro_pcmp_int2_warm 574 cycles 4096 elems
RESULT micro_pcmp_fp_int 572 cycles 4096 elems
RESULT micro_pcmp_fp_int_warm 576 cycles 4096 elems
RESULT micro_vpop_pld 702 cycles 4096 elems
RESULT micro_vpop_pld_warm 686 cycles 4096 elems
RESULT micro_vpop_pst 743 cycles 4096 elems
RESULT micro_vpop_pst_warm 740 cycles 4096 elems
RESULT micro_pst_mix 1304 cycles 4096 elems
RESULT micro_pst_mix_warm 1284 cycles 4096 elems
RESULT micro_vpop_pfma 625 cycles 4096 elems
RESULT micro_vpop_pfma_warm 626 cycles 4096 elems
RESULT micro_pcmp_br 1573 cycles 4096 elems
RESULT micro_pcmp_br_warm 1574 cycles 4096 elems
DONE
- /home/tesla/hwacha-compiler/chipyard/sims/verilator/generated-src/chipyard.harness.TestHarness.HwachaL4B2RocketConfig/gen-collateral/TestDriver.v:158: Verilog $finish
