N=4096
RESULT micro_empty 208 cycles 4096 elems
RESULT micro_empty_warm 166 cycles 4096 elems
RESULT micro_load 1468 cycles 4096 elems
RESULT micro_load_warm 594 cycles 4096 elems
RESULT micro_store 1500 cycles 4096 elems
RESULT micro_store_warm 678 cycles 4096 elems
RESULT micro_copy 1201 cycles 4096 elems
RESULT micro_copy_warm 1195 cycles 4096 elems
RESULT micro_load2 1114 cycles 4096 elems
RESULT micro_load2_warm 1111 cycles 4096 elems
RESULT micro_ldst 1210 cycles 4096 elems
RESULT micro_ldst_warm 1193 cycles 4096 elems
RESULT micro_stld 1200 cycles 4096 elems
RESULT micro_stld_warm 1199 cycles 4096 elems
RESULT micro_inplace 1384 cycles 4096 elems
RESULT micro_inplace_warm 1166 cycles 4096 elems
RESULT micro_alu 2087 cycles 4096 elems
RESULT micro_alu_warm 2077 cycles 4096 elems
RESULT micro_fma_dep 2104 cycles 4096 elems
RESULT micro_fma_dep_warm 2106 cycles 4096 elems
RESULT micro_fsqrt_s 5234 cycles 4096 elems
RESULT micro_fsqrt_s_warm 5200 cycles 4096 elems
RESULT micro_fdiv_s 3124 cycles 4096 elems
RESULT micro_fdiv_s_warm 3147 cycles 4096 elems
RESULT micro_fdiv_d 3160 cycles 4096 elems
RESULT micro_fdiv_d_warm 3146 cycles 4096 elems
RESULT micro_lstride 1270 cycles 4096 elems
RESULT micro_lstride_warm 1245 cycles 4096 elems
RESULT micro_sstride 1353 cycles 4096 elems
RESULT micro_sstride_warm 1325 cycles 4096 elems
RESULT micro_st2 1288 cycles 4096 elems
RESULT micro_st2_warm 1279 cycles 4096 elems
RESULT micro_ld4st1 9593 cycles 4096 elems
RESULT micro_ld4st1_warm 2771 cycles 4096 elems
RESULT micro_pcmp 557 cycles 4096 elems
RESULT micro_pcmp_warm 530 cycles 4096 elems
RESULT micro_pcmp_use 561 cycles 4096 elems
RESULT micro_pcmp_use_warm 560 cycles 4096 elems
RESULT micro_pcmp_2use 793 cycles 4096 elems
RESULT micro_pcmp_2use_warm 790 cycles 4096 elems
RESULT micro_vpop 684 cycles 4096 elems
RESULT micro_vpop_warm 681 cycles 4096 elems
RESULT micro_vpop_indep 684 cycles 4096 elems
RESULT micro_vpop_indep_warm 657 cycles 4096 elems
RESULT micro_pmix 644 cycles 4096 elems
RESULT micro_pmix_warm 642 cycles 4096 elems
RESULT micro_fma2_indep 558 cycles 4096 elems
RESULT micro_fma2_indep_warm 531 cycles 4096 elems
RESULT micro_fma2_waw 533 cycles 4096 elems
RESULT micro_fma2_waw_warm 556 cycles 4096 elems
RESULT micro_pcmp_2diff 821 cycles 4096 elems
RESULT micro_pcmp_2diff_warm 794 cycles 4096 elems
RESULT micro_pfma2_same 558 cycles 4096 elems
RESULT micro_pfma2_same_warm 557 cycles 4096 elems
RESULT micro_pcmp_int 620 cycles 4096 elems
RESULT micro_pcmp_int_warm 544 cycles 4096 elems
RESULT micro_pcmp_int2 570 cycles 4096 elems
RESULT micro_pcmp_int2_warm 572 cycles 4096 elems
RESULT micro_pcmp_fp_int 572 cycles 4096 elems
RESULT micro_pcmp_fp_int_warm 576 cycles 4096 elems
RESULT micro_vpop_pld 555 cycles 4096 elems
RESULT micro_vpop_pld_warm 557 cycles 4096 elems
RESULT micro_vpop_pst 742 cycles 4096 elems
RESULT micro_vpop_pst_warm 740 cycles 4096 elems
RESULT micro_pst_mix 1302 cycles 4096 elems
RESULT micro_pst_mix_warm 1284 cycles 4096 elems
RESULT micro_vpop_pfma 625 cycles 4096 elems
RESULT micro_vpop_pfma_warm 626 cycles 4096 elems
RESULT micro_pcmp_br 1573 cycles 4096 elems
RESULT micro_pcmp_br_warm 1574 cycles 4096 elems
DONE
- /home/tesla/hwacha-compiler/chipyard/sims/verilator/generated-src/chipyard.harness.TestHarness.HwachaL4B4RocketConfig/gen-collateral/TestDriver.v:158: Verilog $finish
