N=4096
RESULT micro_empty 616 cycles 4096 elems
RESULT micro_empty_warm 570 cycles 4096 elems
RESULT micro_load 2649 cycles 4096 elems
RESULT micro_load_warm 2144 cycles 4096 elems
RESULT micro_store 3002 cycles 4096 elems
RESULT micro_store_warm 2117 cycles 4096 elems
RESULT micro_copy 4392 cycles 4096 elems
RESULT micro_copy_warm 4474 cycles 4096 elems
RESULT micro_load2 4180 cycles 4096 elems
RESULT micro_load2_warm 4180 cycles 4096 elems
RESULT micro_ldst 4602 cycles 4096 elems
RESULT micro_ldst_warm 4345 cycles 4096 elems
RESULT micro_stld 4263 cycles 4096 elems
RESULT micro_stld_warm 4184 cycles 4096 elems
RESULT micro_inplace 4643 cycles 4096 elems
RESULT micro_inplace_warm 4521 cycles 4096 elems
RESULT micro_alu 8227 cycles 4096 elems
RESULT micro_alu_warm 8223 cycles 4096 elems
RESULT micro_fma_dep 8249 cycles 4096 elems
RESULT micro_fma_dep_warm 8248 cycles 4096 elems
RESULT micro_fsqrt_s 20597 cycles 4096 elems
RESULT micro_fsqrt_s_warm 20559 cycles 4096 elems
RESULT micro_fdiv_s 12365 cycles 4096 elems
RESULT micro_fdiv_s_warm 12364 cycles 4096 elems
RESULT micro_fdiv_d 12385 cycles 4096 elems
RESULT micro_fdiv_d_warm 12362 cycles 4096 elems
RESULT micro_lstride 4198 cycles 4096 elems
RESULT micro_lstride_warm 4172 cycles 4096 elems
RESULT micro_sstride 4205 cycles 4096 elems
RESULT micro_sstride_warm 4207 cycles 4096 elems
DONE
- /home/tesla/hwacha-compiler/chipyard/sims/verilator/generated-src/chipyard.harness.TestHarness.HwachaRocketConfig/gen-collateral/TestDriver.v:158: Verilog $finish
