N=4096
RESULT micro_empty 592 cycles 4096 elems
RESULT micro_empty_warm 550 cycles 4096 elems
RESULT micro_load 2640 cycles 4096 elems
RESULT micro_load_warm 2154 cycles 4096 elems
RESULT micro_store 3030 cycles 4096 elems
RESULT micro_store_warm 2142 cycles 4096 elems
RESULT micro_copy 4563 cycles 4096 elems
RESULT micro_copy_warm 4606 cycles 4096 elems
RESULT micro_load2 4211 cycles 4096 elems
RESULT micro_load2_warm 4208 cycles 4096 elems
RESULT micro_ldst 4483 cycles 4096 elems
RESULT micro_ldst_warm 4373 cycles 4096 elems
RESULT micro_stld 4414 cycles 4096 elems
RESULT micro_stld_warm 4539 cycles 4096 elems
RESULT micro_inplace 4637 cycles 4096 elems
RESULT micro_inplace_warm 4177 cycles 4096 elems
RESULT micro_alu 8229 cycles 4096 elems
RESULT micro_alu_warm 8226 cycles 4096 elems
RESULT micro_fma_dep 8253 cycles 4096 elems
RESULT micro_fma_dep_warm 8251 cycles 4096 elems
RESULT micro_fsqrt_s 20594 cycles 4096 elems
RESULT micro_fsqrt_s_warm 20560 cycles 4096 elems
RESULT micro_fdiv_s 12340 cycles 4096 elems
RESULT micro_fdiv_s_warm 12363 cycles 4096 elems
RESULT micro_fdiv_d 12385 cycles 4096 elems
RESULT micro_fdiv_d_warm 12362 cycles 4096 elems
RESULT micro_lstride 4206 cycles 4096 elems
RESULT micro_lstride_warm 4172 cycles 4096 elems
RESULT micro_sstride 4207 cycles 4096 elems
RESULT micro_sstride_warm 4757 cycles 4096 elems
RESULT micro_st2 4636 cycles 4096 elems
RESULT micro_st2_warm 4208 cycles 4096 elems
RESULT micro_ld4st1 16212 cycles 4096 elems
RESULT micro_ld4st1_warm 11197 cycles 4096 elems
RESULT micro_pcmp 2093 cycles 4096 elems
RESULT micro_pcmp_warm 2066 cycles 4096 elems
RESULT micro_pcmp_use 2097 cycles 4096 elems
RESULT micro_pcmp_use_warm 2096 cycles 4096 elems
RESULT micro_pcmp_2use 3117 cycles 4096 elems
RESULT micro_pcmp_2use_warm 3115 cycles 4096 elems
RESULT micro_vpop 2604 cycles 4096 elems
RESULT micro_vpop_warm 2601 cycles 4096 elems
RESULT micro_vpop_indep 2607 cycles 4096 elems
RESULT micro_vpop_indep_warm 2577 cycles 4096 elems
RESULT micro_pmix 2186 cycles 4096 elems
RESULT micro_pmix_warm 2185 cycles 4096 elems
RESULT micro_fma2_indep 2097 cycles 4096 elems
RESULT micro_fma2_indep_warm 2067 cycles 4096 elems
RESULT micro_fma2_waw 2070 cycles 4096 elems
RESULT micro_fma2_waw_warm 2092 cycles 4096 elems
RESULT micro_pcmp_2diff 3152 cycles 4096 elems
RESULT micro_pcmp_2diff_warm 3124 cycles 4096 elems
RESULT micro_pfma2_same 2094 cycles 4096 elems
RESULT micro_pfma2_same_warm 2093 cycles 4096 elems
RESULT micro_pcmp_int 2161 cycles 4096 elems
RESULT micro_pcmp_int_warm 2083 cycles 4096 elems
RESULT micro_pcmp_int2 2109 cycles 4096 elems
RESULT micro_pcmp_int2_warm 2111 cycles 4096 elems
RESULT micro_pcmp_fp_int 2111 cycles 4096 elems
RESULT micro_pcmp_fp_int_warm 2112 cycles 4096 elems
RESULT micro_vpop_pld 1238 cycles 4096 elems
RESULT micro_vpop_pld_warm 1203 cycles 4096 elems
RESULT micro_vpop_pst 1405 cycles 4096 elems
RESULT micro_vpop_pst_warm 1213 cycles 4096 elems
RESULT micro_pst_mix 2256 cycles 4096 elems
RESULT micro_pst_mix_warm 2396 cycles 4096 elems
RESULT micro_vpop_pfma 2164 cycles 4096 elems
RESULT micro_vpop_pfma_warm 2165 cycles 4096 elems
RESULT micro_pcmp_br 6208 cycles 4096 elems
RESULT micro_pcmp_br_warm 6209 cycles 4096 elems
DONE
- /home/tesla/hwacha-compiler/chipyard/sims/verilator/generated-src/chipyard.harness.TestHarness.HwachaRocketConfig/gen-collateral/TestDriver.v:158: Verilog $finish
