N=4096
RESULT micro_empty 641 cycles 4096 elems
RESULT micro_empty_warm 548 cycles 4096 elems
RESULT micro_load 2598 cycles 4096 elems
RESULT micro_load_warm 2119 cycles 4096 elems
RESULT micro_store 3005 cycles 4096 elems
RESULT micro_store_warm 2113 cycles 4096 elems
RESULT micro_copy 4571 cycles 4096 elems
RESULT micro_copy_warm 4516 cycles 4096 elems
RESULT micro_load2 4208 cycles 4096 elems
RESULT micro_load2_warm 4204 cycles 4096 elems
RESULT micro_ldst 4389 cycles 4096 elems
RESULT micro_ldst_warm 4424 cycles 4096 elems
RESULT micro_stld 4208 cycles 4096 elems
RESULT micro_stld_warm 4278 cycles 4096 elems
RESULT micro_inplace 4676 cycles 4096 elems
RESULT micro_inplace_warm 4408 cycles 4096 elems
RESULT micro_alu 8253 cycles 4096 elems
RESULT micro_alu_warm 8220 cycles 4096 elems
RESULT micro_fma_dep 8237 cycles 4096 elems
RESULT micro_fma_dep_warm 8220 cycles 4096 elems
RESULT micro_fsqrt_s 20595 cycles 4096 elems
RESULT micro_fsqrt_s_warm 20561 cycles 4096 elems
RESULT micro_fdiv_s 12367 cycles 4096 elems
RESULT micro_fdiv_s_warm 12363 cycles 4096 elems
RESULT micro_fdiv_d 12384 cycles 4096 elems
RESULT micro_fdiv_d_warm 12337 cycles 4096 elems
RESULT micro_lstride 4212 cycles 4096 elems
RESULT micro_lstride_warm 4197 cycles 4096 elems
RESULT micro_sstride 4182 cycles 4096 elems
RESULT micro_sstride_warm 4198 cycles 4096 elems
RESULT micro_st2 4819 cycles 4096 elems
RESULT micro_st2_warm 4180 cycles 4096 elems
RESULT micro_ld4st1 15696 cycles 4096 elems
RESULT micro_ld4st1_warm 11144 cycles 4096 elems
RESULT micro_pcmp 2094 cycles 4096 elems
RESULT micro_pcmp_warm 2094 cycles 4096 elems
RESULT micro_pcmp_use 2100 cycles 4096 elems
RESULT micro_pcmp_use_warm 2096 cycles 4096 elems
RESULT micro_pcmp_2use 3145 cycles 4096 elems
RESULT micro_pcmp_2use_warm 3142 cycles 4096 elems
RESULT micro_vpop 2579 cycles 4096 elems
RESULT micro_vpop_warm 2577 cycles 4096 elems
RESULT micro_vpop_indep 2604 cycles 4096 elems
RESULT micro_vpop_indep_warm 2578 cycles 4096 elems
RESULT micro_pmix 2186 cycles 4096 elems
RESULT micro_pmix_warm 2183 cycles 4096 elems
DONE
- /home/tesla/hwacha-compiler/chipyard/sims/verilator/generated-src/chipyard.harness.TestHarness.HwachaRocketConfig/gen-collateral/TestDriver.v:158: Verilog $finish
