N=4096
RESULT micro_empty 642 cycles 4096 elems
RESULT micro_empty_warm 545 cycles 4096 elems
RESULT micro_load 2624 cycles 4096 elems
RESULT micro_load_warm 2116 cycles 4096 elems
RESULT micro_store 2940 cycles 4096 elems
RESULT micro_store_warm 2114 cycles 4096 elems
RESULT micro_copy 4393 cycles 4096 elems
RESULT micro_copy_warm 4559 cycles 4096 elems
RESULT micro_load2 4180 cycles 4096 elems
RESULT micro_load2_warm 4179 cycles 4096 elems
RESULT micro_ldst 4361 cycles 4096 elems
RESULT micro_ldst_warm 4447 cycles 4096 elems
RESULT micro_stld 4373 cycles 4096 elems
RESULT micro_stld_warm 4250 cycles 4096 elems
RESULT micro_inplace 4524 cycles 4096 elems
RESULT micro_inplace_warm 4465 cycles 4096 elems
RESULT micro_alu 8253 cycles 4096 elems
RESULT micro_alu_warm 8248 cycles 4096 elems
RESULT micro_fma_dep 8223 cycles 4096 elems
RESULT micro_fma_dep_warm 8223 cycles 4096 elems
RESULT micro_fsqrt_s 20572 cycles 4096 elems
RESULT micro_fsqrt_s_warm 20534 cycles 4096 elems
RESULT micro_fdiv_s 12365 cycles 4096 elems
RESULT micro_fdiv_s_warm 12365 cycles 4096 elems
RESULT micro_fdiv_d 12359 cycles 4096 elems
RESULT micro_fdiv_d_warm 12337 cycles 4096 elems
RESULT micro_lstride 4213 cycles 4096 elems
RESULT micro_lstride_warm 4197 cycles 4096 elems
RESULT micro_sstride 4201 cycles 4096 elems
RESULT micro_sstride_warm 4203 cycles 4096 elems
RESULT micro_st2 4650 cycles 4096 elems
RESULT micro_st2_warm 4181 cycles 4096 elems
RESULT micro_ld4st1 15943 cycles 4096 elems
RESULT micro_ld4st1_warm 11123 cycles 4096 elems
RESULT micro_pcmp 2096 cycles 4096 elems
RESULT micro_pcmp_warm 2093 cycles 4096 elems
RESULT micro_pcmp_use 2072 cycles 4096 elems
RESULT micro_pcmp_use_warm 2071 cycles 4096 elems
RESULT micro_pcmp_2use 3142 cycles 4096 elems
RESULT micro_pcmp_2use_warm 3140 cycles 4096 elems
RESULT micro_vpop 2579 cycles 4096 elems
RESULT micro_vpop_warm 2577 cycles 4096 elems
RESULT micro_vpop_indep 2579 cycles 4096 elems
RESULT micro_vpop_indep_warm 2603 cycles 4096 elems
RESULT micro_pmix 2187 cycles 4096 elems
RESULT micro_pmix_warm 2158 cycles 4096 elems
RESULT micro_fma2_indep 2069 cycles 4096 elems
RESULT micro_fma2_indep_warm 2094 cycles 4096 elems
RESULT micro_fma2_waw 2095 cycles 4096 elems
RESULT micro_fma2_waw_warm 2067 cycles 4096 elems
RESULT micro_pcmp_2diff 3152 cycles 4096 elems
RESULT micro_pcmp_2diff_warm 3150 cycles 4096 elems
RESULT micro_pfma2_same 2094 cycles 4096 elems
RESULT micro_pfma2_same_warm 2068 cycles 4096 elems
DONE
- /home/tesla/hwacha-compiler/chipyard/sims/verilator/generated-src/chipyard.harness.TestHarness.HwachaRocketConfig/gen-collateral/TestDriver.v:158: Verilog $finish
