N=4096
RESULT micro_empty 644 cycles 4096 elems
RESULT micro_empty_warm 573 cycles 4096 elems
RESULT micro_load 2630 cycles 4096 elems
RESULT micro_load_warm 2119 cycles 4096 elems
RESULT micro_store 2979 cycles 4096 elems
RESULT micro_store_warm 2117 cycles 4096 elems
RESULT micro_copy 4546 cycles 4096 elems
RESULT micro_copy_warm 4177 cycles 4096 elems
RESULT micro_load2 4183 cycles 4096 elems
RESULT micro_load2_warm 4177 cycles 4096 elems
RESULT micro_ldst 4600 cycles 4096 elems
RESULT micro_ldst_warm 4177 cycles 4096 elems
RESULT micro_stld 4181 cycles 4096 elems
RESULT micro_stld_warm 4184 cycles 4096 elems
RESULT micro_inplace 4539 cycles 4096 elems
RESULT micro_inplace_warm 4382 cycles 4096 elems
RESULT micro_alu 8255 cycles 4096 elems
RESULT micro_alu_warm 8249 cycles 4096 elems
RESULT micro_fma_dep 8223 cycles 4096 elems
RESULT micro_fma_dep_warm 8223 cycles 4096 elems
RESULT micro_fsqrt_s 20594 cycles 4096 elems
RESULT micro_fsqrt_s_warm 20535 cycles 4096 elems
RESULT micro_fdiv_s 12366 cycles 4096 elems
RESULT micro_fdiv_s_warm 12365 cycles 4096 elems
RESULT micro_fdiv_d 12359 cycles 4096 elems
RESULT micro_fdiv_d_warm 12363 cycles 4096 elems
RESULT micro_lstride 4219 cycles 4096 elems
RESULT micro_lstride_warm 4196 cycles 4096 elems
RESULT micro_sstride 4201 cycles 4096 elems
RESULT micro_sstride_warm 4199 cycles 4096 elems
RESULT micro_st2 4912 cycles 4096 elems
RESULT micro_st2_warm 4184 cycles 4096 elems
RESULT micro_ld4st1 16141 cycles 4096 elems
RESULT micro_ld4st1_warm 11096 cycles 4096 elems
DONE
- /home/tesla/hwacha-compiler/chipyard/sims/verilator/generated-src/chipyard.harness.TestHarness.HwachaRocketConfig/gen-collateral/TestDriver.v:158: Verilog $finish
