PROBE empty vl=8 31
PROBE empty vl=1024 138
PROBE sload4 vl=8 81
PROBE sload4 vl=1024 138
PROBE smul4 vl=8 44
PROBE smul4 vl=1024 138
PROBE salu8 vl=8 64
PROBE salu8 vl=1024 138
PROBE branch4 vl=8 73
PROBE branch4 vl=1024 3212
PROBE empty vl=8 11
PROBE empty vl=1024 138
PROBE sload4 vl=8 49
PROBE sload4 vl=1024 138
PROBE smul4 vl=8 28
PROBE smul4 vl=1024 138
PROBE salu8 vl=8 19
PROBE salu8 vl=1024 138
PROBE branch4 vl=8 38
PROBE branch4 vl=1024 3212
DONE
- /home/tesla/hwacha-compiler/chipyard/sims/verilator/generated-src/chipyard.harness.TestHarness.HwachaRocketConfig/gen-collateral/TestDriver.v:158: Verilog $finish
